// Jest Snapshot v1, https://goo.gl/fbAQLP

exports[`login happy path should return token 1`] = `"{\\"token\\":\\"test-token\\"}"`;

exports[`login sad path - generic error should return an error message 1`] = `"test error"`;

exports[`login sad path - incorrect password should return an error message 1`] = `"{\\"message\\":\\"Password is incorrect\\"}"`;

exports[`login sad path - invalid request should return errors 1`] = `"{\\"message\\":\\"Bad request\\",\\"errors\\":[{\\"keyword\\":\\"\\",\\"instancePath\\":\\"\\",\\"schemaPath\\":\\"\\",\\"params\\":{},\\"message\\":\\"test error\\"}]}"`;
